{"schema_version":"1.1","provider":"entire-sem","provider_version":"0.0.0-test","repo_root":"<repo>","repo_key":"local/go-types","commit":"","tree":"","languages":["Go"],"capabilities":["ndjson","stable-symbol-id-v1","local-only","partial-failures"],"schema_features":["boundary_source_locations","completeness_breakdown","language_versions","relation_evidence","relation_resolution","relation_scope","relation_target_kind"],"language_versions":{"go-tree-sitter":"github.com/smacker/go-tree-sitter"},"warnings":[{"code":"W_WORKTREE_SNAPSHOT","severity":"warning","effect_on_semantic_completeness":"snapshot records are read from the working tree because --worktree was requested"}],"partial_failures":[],"stats":{"files":1,"parsed_files":1,"symbols":4,"relations":6,"partial_failures":0,"completeness_level":"ok"},"completeness":{"languages":{"Go":{"files":1,"symbols":4}},"relations":{"DEFINES":4,"USES_TYPE":2}}}
{"record_type":"file","id":"local/go-types:file:shop.go","path":"shop.go","blob":"a5f38909ecf3f67abfc19a516c430f3f918416f6ae5ed29b029a9a8cf4d92b0b","language":"Go","bytes":325}
{"record_type":"symbol","id":"local/go-types:Go:shop.go:type:Cart","stable_id_version":"compound-v1","kind":"type","name":"Cart","qualified_name":"Cart","file_path":"shop.go","start_line":3,"end_line":5,"signature":"Cart struct","body_hash":"e49d26657cff753d","language":"Go"}
{"record_type":"symbol","id":"local/go-types:Go:shop.go:type:Receipt","stable_id_version":"compound-v1","kind":"type","name":"Receipt","qualified_name":"Receipt","file_path":"shop.go","start_line":7,"end_line":9,"signature":"Receipt struct","body_hash":"c0da6b2cdf793f89","language":"Go"}
{"record_type":"symbol","id":"local/go-types:Go:shop.go:function:Checkout","stable_id_version":"compound-v1","kind":"function","name":"Checkout","qualified_name":"Checkout","file_path":"shop.go","start_line":12,"end_line":14,"signature":"func Checkout(cart Cart) Receipt","body_hash":"1bf5e58a9f671974","language":"Go"}
{"record_type":"symbol","id":"local/go-types:Go:shop.go:function:describe","stable_id_version":"compound-v1","kind":"function","name":"describe","qualified_name":"describe","file_path":"shop.go","start_line":17,"end_line":19,"signature":"func describe(label string) string","body_hash":"7caef634deeef360","language":"Go"}
{"record_type":"relation","from_id":"local/go-types:file:shop.go","to_id":"local/go-types:Go:shop.go:function:Checkout","type":"DEFINES","confidence":1,"reason":"symbol parsed from file","relation_scope":"file","resolution":"exact","target_kind":"symbol","warning_codes":[]}
{"record_type":"relation","from_id":"local/go-types:file:shop.go","to_id":"local/go-types:Go:shop.go:function:describe","type":"DEFINES","confidence":1,"reason":"symbol parsed from file","relation_scope":"file","resolution":"exact","target_kind":"symbol","warning_codes":[]}
{"record_type":"relation","from_id":"local/go-types:file:shop.go","to_id":"local/go-types:Go:shop.go:type:Cart","type":"DEFINES","confidence":1,"reason":"symbol parsed from file","relation_scope":"file","resolution":"exact","target_kind":"symbol","warning_codes":[]}
{"record_type":"relation","from_id":"local/go-types:file:shop.go","to_id":"local/go-types:Go:shop.go:type:Receipt","type":"DEFINES","confidence":1,"reason":"symbol parsed from file","relation_scope":"file","resolution":"exact","target_kind":"symbol","warning_codes":[]}
{"record_type":"relation","from_id":"local/go-types:Go:shop.go:function:Checkout","to_id":"local/go-types:Go:shop.go:type:Cart","type":"USES_TYPE","confidence":0.85,"reason":"type referenced in signature","relation_scope":"file","resolution":"exact","target_kind":"symbol","evidence":[{"kind":"signature","file_path":"shop.go","start_line":12,"end_line":14,"detail":"Cart"}],"warning_codes":[]}
{"record_type":"relation","from_id":"local/go-types:Go:shop.go:function:Checkout","to_id":"local/go-types:Go:shop.go:type:Receipt","type":"USES_TYPE","confidence":0.85,"reason":"type referenced in signature","relation_scope":"file","resolution":"exact","target_kind":"symbol","evidence":[{"kind":"signature","file_path":"shop.go","start_line":12,"end_line":14,"detail":"Receipt"}],"warning_codes":[]}
